// Vitest Snapshot v1, https://vitest.dev/guide/snapshot.html

exports[`SubGenerator micronaut-cache of micronaut JHipster blueprint > run > should succeed 1`] = `
{
  ".yo-rc.json": {
    "stateCleared": "modified",
  },
  "src/main/java/com/mycompany/myapp/config/CacheConfiguration.java": {
    "stateCleared": "modified",
  },
}
`;
