// Jest Snapshot v1, https://goo.gl/fbAQLP

exports[`SubGenerator cypress of micronaut JHipster blueprint run should succeed 1`] = `
Object {
  ".yo-rc.json": Object {
    "stateCleared": "modified",
  },
  "cypress-audits.config.ts": Object {
    "stateCleared": "modified",
  },
  "cypress.config.ts": Object {
    "stateCleared": "modified",
  },
  "package.json": Object {
    "stateCleared": "modified",
  },
  "src/test/javascript/cypress/.eslintrc.json": Object {
    "stateCleared": "modified",
  },
  "src/test/javascript/cypress/e2e/account/login-page.cy.ts": Object {
    "stateCleared": "modified",
  },
  "src/test/javascript/cypress/e2e/account/password-page.cy.ts": Object {
    "stateCleared": "modified",
  },
  "src/test/javascript/cypress/e2e/account/register-page.cy.ts": Object {
    "stateCleared": "modified",
  },
  "src/test/javascript/cypress/e2e/account/reset-password-page.cy.ts": Object {
    "stateCleared": "modified",
  },
  "src/test/javascript/cypress/e2e/account/settings-page.cy.ts": Object {
    "stateCleared": "modified",
  },
  "src/test/javascript/cypress/e2e/administration/administration.cy.ts": Object {
    "stateCleared": "modified",
  },
  "src/test/javascript/cypress/e2e/lighthouse.audits.ts": Object {
    "stateCleared": "modified",
  },
  "src/test/javascript/cypress/fixtures/integration-test.png": Object {
    "stateCleared": "modified",
  },
  "src/test/javascript/cypress/plugins/index.ts": Object {
    "stateCleared": "modified",
  },
  "src/test/javascript/cypress/support/commands.ts": Object {
    "stateCleared": "modified",
  },
  "src/test/javascript/cypress/support/entity.ts": Object {
    "stateCleared": "modified",
  },
  "src/test/javascript/cypress/support/index.ts": Object {
    "stateCleared": "modified",
  },
  "src/test/javascript/cypress/support/management.ts": Object {
    "stateCleared": "modified",
  },
  "src/test/javascript/cypress/support/navbar.ts": Object {
    "stateCleared": "modified",
  },
  "src/test/javascript/cypress/tsconfig.json": Object {
    "stateCleared": "modified",
  },
}
`;
